// Jest Snapshot v1, https://goo.gl/fbAQLP

exports[`App renders correctly 1`] = `
<DocumentFragment>
  <div
    class="App"
  >
    <div
      class="navbar"
    >
      <img
        alt="logo of purple castle with words 'surreal estate'"
        class="logo"
        data-testid="logo"
        src="/logo.png"
      />
      <ul
        class="navbar-links"
      >
        <li
          class="navbar-link"
        >
          <a
            class="item"
            href="/"
          >
            View Properties
          </a>
        </li>
        <li
          class="navbar-link"
        >
          <a
            class="item"
            href="/add-property"
          >
            Add a Property
          </a>
        </li>
      </ul>
    </div>
    <div
      class="properties-container"
    >
      <div
        class="sidebar"
      >
        <div
          class="side-bar"
        >
          <div
            class="filter-city-title"
          >
            Filter by city
          </div>
          <div
            class="city-link-container"
          >
            <a
              class="city-link"
              href="/?query={\\"city\\":\\"Manchester\\"}"
            >
              Manchester
            </a>
          </div>
          <div
            class="city-link-container"
          >
            <a
              class="city-link"
              href="/?query={\\"city\\":\\"Leeds\\"}"
            >
              Leeds
            </a>
          </div>
          <div
            class="city-link-container"
          >
            <a
              class="city-link"
              href="/?query={\\"city\\":\\"Sheffield\\"}"
            >
              Sheffield
            </a>
          </div>
          <div
            class="city-link-container"
          >
            <a
              class="city-link"
              href="/?query={\\"city\\":\\"Liverpool\\"}"
            >
              Liverpool
            </a>
          </div>
          <div
            class="sort-city-title"
          >
            Sort By
          </div>
          <div
            class="sort-link-container"
          >
            <a
              class="sort-link"
              href="/?sort={\\"price\\":1}"
            >
              Price Ascending
            </a>
          </div>
          <div
            class="sort-link-container"
          >
            <a
              class="sort-link"
              href="/?sort={\\"price\\":-1}"
            >
              Price Descending
            </a>
          </div>
        </div>
      </div>
      <div
        class="property-card-container"
      />
    </div>
  </div>
</DocumentFragment>
`;
