// Jest Snapshot v1, https://goo.gl/fbAQLP

exports[`Sidebar renders correctly 1`] = `
<DocumentFragment>
  <div
    class="side-bar"
  >
    <div
      class="filter-city-title"
    >
      Filter by city
    </div>
    <div
      class="city-link-container"
    >
      <a
        class="city-link"
        href="/?query={\\"city\\":\\"Manchester\\"}"
      >
        Manchester
      </a>
    </div>
    <div
      class="city-link-container"
    >
      <a
        class="city-link"
        href="/?query={\\"city\\":\\"Leeds\\"}"
      >
        Leeds
      </a>
    </div>
    <div
      class="city-link-container"
    >
      <a
        class="city-link"
        href="/?query={\\"city\\":\\"Sheffield\\"}"
      >
        Sheffield
      </a>
    </div>
    <div
      class="city-link-container"
    >
      <a
        class="city-link"
        href="/?query={\\"city\\":\\"Liverpool\\"}"
      >
        Liverpool
      </a>
    </div>
    <div
      class="sort-city-title"
    >
      Sort By
    </div>
    <div
      class="sort-link-container"
    >
      <a
        class="sort-link"
        href="/?sort={\\"price\\":1}"
      >
        Price Ascending
      </a>
    </div>
    <div
      class="sort-link-container"
    >
      <a
        class="sort-link"
        href="/?sort={\\"price\\":-1}"
      >
        Price Descending
      </a>
    </div>
  </div>
</DocumentFragment>
`;
